types defined by this candidate:
  Admissibility
  AdmissibilityEcho
  Aggregate
  AlignCodecSuite
  AlignWire
  AlignmentLaws
  Assessed
  BaselineAligner
  BlockedSidecarLayout
  CanonicalDouble
  CaseObservations
  CausalAttempt
  CausalProposal
  CausalResolution
  CellSupportBasis
  ChannelExposure
  ChartDistance
  ChartLaws
  CheckedSidecarBlock
  CheckedSidecarPrelude
  CircumstanceProposal
  CodecFixture
  CodecGens
  ContentCostScoring
  ContentScoring
  ContextAssignmentAttempt
  ContextAssignmentProposal
  ContextAssignmentResolution
  ContextTag
  Contradiction
  ContradictionDetector
  CostBreakdown
  CostTerm
  CostWeights
  Coverage
  DefaultLocalCostModel
  DerivationAttempt
  DerivationBinding
  DerivationDisposition
  DerivationGap
  DerivationGapReason
  DerivationReceipt
  Distances
  EligibilitySuite
  EmittedEntity
  EmittedMention
  EmittedSituation
  EntityMentionAttempt
  EntityMentionProposal
  EntityMentionResolution
  Entry
  Estimate
  EstimateEligibilitySuite
  EstimateLaws
  Exclusion
  ExternalStates
  FeatureCircularity
  FeatureCodecs
  FeatureDomain
  FeatureMaterializer
  FeatureMaterializerSuite
  FeatureObservation
  FeatureRendering
  FeatureTrack
  FeatureValue
  FeaturesArtifact
  FeaturesCodecSuite
  FeaturesRecordCodec
  Fixture
  FromResult
  FunctionPrior
  GateProofLaws
  ImportanceWeight
  InMemorySourceView
  Interval
  KernelShape
  LeakageControl
  LeakageFinding
  LeakageSuite
  LeakageVerdict
  LexicalMeasure
  LexiconMeasure
  LexiconTable
  LocalCostModel
  MalformedReason
  MappingBindingRender
  Material
  MaterializedFeatures
  MeasureDerivation
  MeasureSuite
  MetricObservation
  MetricValue
  Metrics
  MetricsSuite
  MissingReason
  ModeGate
  ModeGateLaws
  Names
  NarrativeBasis
  NarrativeCandidateAddress
  NarrativeCompilation
  NarrativeCompiler
  NarrativeCompilerError
  NarrativeCompilerInput
  NarrativeResolutions
  NodeSummary
  NotApplicable
  ParticipantAttempt
  ParticipantCoverage
  ParticipantCoverageAttempt
  ParticipantCoverageResolution
  ParticipantResolution
  ParticipantSummary
  PopulationLaws
  PropositionalScope
  RecallSlots
  Reduced
  Reduction
  RelationLayer
  Render
  Sample
  ScalarReducer
  SchemaVersions
  ScoreEstimate
  ScoringPosition
  SegmentEvidence
  SegmentMembershipAttempt
  SegmentMembershipProposal
  SegmentMembershipResolution
  SemanticDistance
  SidecarBlockRange
  SidecarCodec
  SidecarLayout
  SidecarSuite
  SidecarTrack
  SidecarValue
  SinkhornConfig
  SinkhornResult
  SinkhornSuite
  SituationAttempt
  SituationCircumstanceAttempt
  SituationCircumstanceResolution
  SituationKind
  SituationProposal
  SituationResolution
  SourceNodeRef
  SourceSlots
  SourceView
  SourceViewLaws
  StoryBuildSuite
  StoryLaws
  StorySummaryAttempt
  StorySummaryProposal
  StorySummaryResolution
  StructuralCoverage
  StructuralDistance
  StructuralMemberEstimate
  StructuralMemberExclusion
  StructuralReducer
  StructuralReduction
  StructuralReductionReceipt
  StructuralReductionSuite
  Supplied
  SupportAssessment
  SupportNotApplicableReason
  SupportUnestablishedReason
  TemporalAttempt
  TemporalLaws
  TemporalResolution
  Terms
  TokenLength
  TokenTracks
  Tokens
  TrackProvenance
  TypeFrequency
  UnbalancedSinkhorn
  UndefinedReason
  Unestablished
  UnitObservation
  ValidatedDistance
  ValidatedVector
  VectorSuite
  ViewFingerprint
  WeightedEstimate
  WindowReducer
  Windowed
  WireLaws

modules that reference them (the gate must cover all of these):
  acquire
  align
  amr-interop
  codec
  core
  corpus
  corpus-intake
  document
  embed-bench
  embed-core
  embed-grakern
  embed-onnx
  features
  fixtures
  interview
  laws
  media
  pipeline
  proposition
  provider-agent
  recall
  story
  view

gate command (JVM; paste it, do not retype the module names):
  sbt -batch "acquireJVM/test; alignJVM/test; amrInteropJVM/test; codecJVM/test; coreJVM/test; corpusJVM/test; corpusIntake/test; documentJVM/test; embedBench/test; embedCoreJVM/test; embedGrakern/test; embedOnnx/test; featuresJVM/test; fixturesJVM/test; interviewJVM/test; lawsJVM/test; media/test; pipeline/test; propositionJVM/test; providerAgent/test; recallJVM/test; storyJVM/test; viewJVM/test"

  Run it in a CLONE, never a linked worktree. Capture the exit status. Run
  scalafmtCheckAll LAST, separately. Then grep the log for 'Passed: Total' --
  a red gate with no totals measured your infrastructure, not the candidate.
