types defined by this candidate:
  BackwardPair
  Basis
  Clock
  ClockKey
  DecimalRefusal
  Entry
  MissingReason
  Observation
  Origin
  Provenance
  RecallTiming
  RecallTimingArtifacts
  RecallTimingBoundarySuite
  RecallTimingCodecError
  RecallTimingCodecSuite
  RecallTimingCodecs
  RecallTimingFixture
  RecallTimingRationalForgery
  RecallTimingSuite
  RecordingIdentity
  RecordingLink
  Refusal
  Result
  TimingCanon
  UnitSummary
  Witness

modules that reference them (the gate must cover all of these):
  acquire
  align
  amr-interop
  codec
  core
  corpus
  document
  embed-bench
  embed-core
  embed-grakern
  features
  fixtures
  interview
  laws
  media
  pipeline
  proposition
  provider-agent
  provider-parser
  recall
  story
  view

gate command (JVM; paste it, do not retype the module names):
  sbt -batch "acquireJVM/test; alignJVM/test; amrInteropJVM/test; codecJVM/test; coreJVM/test; corpusJVM/test; documentJVM/test; embedBench/test; embedCoreJVM/test; embedGrakern/test; featuresJVM/test; fixturesJVM/test; interviewJVM/test; lawsJVM/test; media/test; pipeline/test; propositionJVM/test; providerAgent/test; providerParser/test; recallJVM/test; storyJVM/test; viewJVM/test"

  Run it in a CLONE, never a linked worktree. Capture the exit status. Run
  scalafmtCheckAll LAST, separately. Then grep the log for 'Passed: Total' --
  a red gate with no totals measured your infrastructure, not the candidate.
