types defined by this candidate:
  AblationResult
  Adm
  AlignCodecSuite
  AlignError
  AlignState
  AlignmentMatrix
  AlignmentRow
  AtMost
  CandidateAnchorsWire
  CandidateProvenance
  CandidateRefusal
  CandidateTiePolicy
  CandidateTiePolicySuite
  CanonicalDouble
  CodecFixture
  CodecGens
  Content
  ContentLexical
  ContentTable
  CostBreakdownWire
  Costs
  Coverage
  D1bResultBoundarySuite
  DerivationBinding
  Estimate
  ExternalState
  FeatureCodecs
  Fixture
  Fixtures
  FlowStep
  FlowStepWire
  FromResult
  GateSemantics
  GoldenContext
  GraphHsmm
  HistoricalKeyOrder
  HsmmCodecError
  HsmmConfig
  HsmmConfigFingerprint
  HsmmResult
  HsmmResultCodec
  ImputedWire
  LayerPreservation
  LayerUse
  Lexical
  LocalEvidence
  LocalEvidenceId
  LocalEvidenceIsolationSuite
  MalformedReason
  MappingBindingRender
  MeasureDerivation
  MemberEstimateWire
  MemberExclusionWire
  MissingReason
  ModelControl
  Pricing
  ReductionReceiptWire
  ReductionWire
  RelationPreservation
  ResultControl
  RowWire
  SchemaVersions
  ScoreEstimate
  SemanticOutcomeSummary
  StateCostWire
  StateMassWire
  Strict
  StrictBinding
  StrictCandidateConfig
  StrictCandidateGenerator
  StrictCandidateSet
  StrictCandidates
  StrictCandidatesUnforgeableSuite
  StrictContentBoundarySuite
  StrictContentCodecSuite
  StrictContentWiringSuite
  StrictCostModel
  StrictPackageAttack
  StrictScoring
  StrictScoringRefusal
  StrictSemanticChannel
  SummaryControl
  Supplied
  TableControl
  TermWire
  TieBudget
  TieBudgetRequest
  TieComplete
  TieOverflow
  TransitionFeatures
  TransitionFlow
  TransitionKind
  TransitionMassWire
  TransitionModel
  Unattested
  Unavailable
  Unbounded
  UndefinedReason
  UniformSemanticScores
  UnitCostsWire
  WarOfTheGhostsCodecGolden
  WarOfTheGhostsCodecGoldenResourceSuite
  WarOfTheGhostsCodecGoldenSuite
  WeightedEstimate
  Wire
  WogGoldenBackend

modules that reference them (the gate must cover all of these):
  acquire
  align
  amr-interop
  codec
  core
  corpus-intake
  document
  embed-bench
  embed-core
  embed-grakern
  embed-onnx
  features
  fixtures
  interview
  laws
  media
  pipeline
  proposition
  provider-agent
  provider-parser
  recall
  story
  view

gate command (JVM; paste it, do not retype the module names):
  sbt -batch "acquireJVM/test; alignJVM/test; amrInteropJVM/test; codecJVM/test; coreJVM/test; corpusIntake/test; documentJVM/test; embedBench/test; embedCoreJVM/test; embedGrakern/test; embedOnnx/test; featuresJVM/test; fixturesJVM/test; interviewJVM/test; lawsJVM/test; media/test; pipeline/test; propositionJVM/test; providerAgent/test; providerParser/test; recallJVM/test; storyJVM/test; viewJVM/test"

  Run it in a CLONE, never a linked worktree. Capture the exit status. Run
  scalafmtCheckAll LAST, separately. Then grep the log for 'Passed: Total' --
  a red gate with no totals measured your infrastructure, not the candidate.
