types defined by this candidate:
  AnchoredNarrativeAtlas
  AtMost
  BoundProposalSurface
  Bundle
  CandidateGenerator
  CandidateProvenance
  CandidateRefusal
  CandidateSet
  CandidateTiePolicy
  CandidateTiePolicySuite
  Candidates
  CausalAttempt
  CausalProposal
  CausalResolution
  CellType
  Channels
  CircumstanceProposal
  Column
  CompilerSuite
  Content
  ContextAssignmentAttempt
  ContextAssignmentProposal
  ContextAssignmentResolution
  Control
  DerivationAttempt
  DerivationDisposition
  DerivationGap
  DerivationGapReason
  DerivationReceipt
  EmittedEntity
  EmittedMention
  EmittedSituation
  EntityMentionAttempt
  EntityMentionProposal
  EntityMentionResolution
  Error
  Exported
  HistoricalKeyOrder
  LanguageTag
  LocalEvidence
  LocalEvidenceId
  LocalEvidenceIsolationSuite
  Loss
  MappingHistoricalSuite
  Material
  NarrativeCandidateAddress
  NarrativeCompilation
  NarrativeCompiler
  NarrativeCompilerError
  NarrativeCompilerInput
  NarrativeResolutions
  NarrativeSourceAtlas
  Nomination
  ParticipantAttempt
  ParticipantCoverage
  ParticipantCoverageAttempt
  ParticipantCoverageResolution
  ParticipantResolution
  Receipt
  Refusal
  Segment
  SegmentMembershipAttempt
  SegmentMembershipProposal
  SegmentMembershipResolution
  SituationAttempt
  SituationCircumstanceAttempt
  SituationCircumstanceResolution
  SituationKind
  SituationProposal
  SituationResolution
  StoryBuildSuite
  StoryModelExport
  StoryModelExportBuild
  StoryModelExportCli
  StoryModelExportExample
  StoryModelExportSuite
  StorySource
  StorySummaryAttempt
  StorySummaryProposal
  StorySummaryResolution
  StoryTitle
  Strict
  StrictBinding
  StrictCandidateConfig
  StrictCandidateGenerator
  StrictCandidateSet
  StrictCandidates
  StrictCandidatesUnforgeableSuite
  StrictPackageAttack
  SurfaceAnalyzer
  SurfaceAtlas
  SurfaceAtlasConformance
  SurfaceUnit
  SurfaceUnitKind
  Table
  TemporalAttempt
  TemporalResolution
  TextNarrativeAtlas
  TextNorm
  TextSegmentationProfile
  TextSourceArtifactCodec
  TextSourceArtifactSuite
  TextSourceCapability
  TextSourceCli
  TextSourceCliSuite
  TextSourceConstructionSuite
  TextSourceExchangeWitness
  TextSourcePackage
  TextSourceSegment
  TextSourceSuite
  TextSourceView
  TextSourceViewSuite
  TieBudget
  TieBudgetRequest
  TieComplete
  TieOverflow
  TitleProvenance
  Unattested
  Unbounded
  UniformSemanticScores

modules that reference them (the gate must cover all of these):
  acquire
  align
  amr-interop
  codec
  core
  corpus
  corpus-intake
  document
  embed-bench
  embed-core
  embed-grakern
  embed-onnx
  features
  fixtures
  interview
  laws
  media
  pipeline
  proposition
  provider-agent
  provider-parser
  recall
  story
  view

gate command (JVM; paste it, do not retype the module names):
  sbt -batch "acquireJVM/test; alignJVM/test; amrInteropJVM/test; codecJVM/test; coreJVM/test; corpusJVM/test; corpusIntake/test; documentJVM/test; embedBench/test; embedCoreJVM/test; embedGrakern/test; embedOnnx/test; featuresJVM/test; fixturesJVM/test; interviewJVM/test; lawsJVM/test; media/test; pipeline/test; propositionJVM/test; providerAgent/test; providerParser/test; recallJVM/test; storyJVM/test; viewJVM/test"

  Run it in a CLONE, never a linked worktree. Capture the exit status. Run
  scalafmtCheckAll LAST, separately. Then grep the log for 'Passed: Total' --
  a red gate with no totals measured your infrastructure, not the candidate.
