[info] welcome to sbt 1.12.14 (Homebrew Java 25.0.1)
[info] loading settings for project recall-timing-portable-build from plugins.sbt...
[info] loading project definition from /Users/bbuchsbaum/code/scala/storymodel4s/.worktrees/recall-timing-portable/project
[info] loading settings for project root from build.sbt...
[info] loading settings for project storymodel4s-timing-grakern-20260922-build from plugins.sbt...
[info] loading project definition from /private/tmp/storymodel4s-timing-grakern-20260922/project
[info] loading settings for project root from build.sbt...
[info] loading settings for project gale-build from plugins.sbt...
[info] loading project definition from /private/tmp/storymodel4s-timing-sbt-staging-20260922/c6b5fe94c20cf0d05b05/gale/project
[info] loading settings for project root from build.sbt...
[info] loading settings for project graph4s-build from plugins.sbt...
[info] loading project definition from /private/tmp/storymodel4s-timing-sbt-staging-20260922/8d03f2d14a9e2c9f6990/graph4s/project
[info] loading settings for project root from build.sbt...
[info] resolving key references (114172 settings) ...
[info] set current project to root (in build file:/Users/bbuchsbaum/code/scala/storymodel4s/.worktrees/recall-timing-portable/)
[info] scalafmt: Formatting 1 Scala sources (/Users/bbuchsbaum/code/scala/storymodel4s/.worktrees/recall-timing-portable/codec/.jvm)...
[info] scalafmt: Reformatted 1 Scala sources
[success] Total time: 2 s, completed Sep 22, 2026, 10:20:01 p.m.
[info] compiling 3 Scala sources to /Users/bbuchsbaum/code/scala/storymodel4s/.worktrees/recall-timing-portable/align/.jvm/target/scala-3.7.4/classes ...
[warn] -- [E198] Unused Symbol Warning: /Users/bbuchsbaum/code/scala/storymodel4s/.worktrees/recall-timing-portable/align/src/main/scala/storymodel4s/align/hsmm.scala:3:23 
[warn] 3 |import cats.syntax.all.*
[warn]   |                       ^
[warn]   |                       unused import
[warn] one warning found
[info] done compiling
[info] compiling 2 Scala sources to /Users/bbuchsbaum/code/scala/storymodel4s/.worktrees/recall-timing-portable/align/.jvm/target/scala-3.7.4/classes ...
[warn] one warning found
[info] done compiling
[info] compiling 2 Scala sources to /Users/bbuchsbaum/code/scala/storymodel4s/.worktrees/recall-timing-portable/laws/.jvm/target/scala-3.7.4/classes ...
[info] done compiling
[info] compiling 4 Scala sources to /Users/bbuchsbaum/code/scala/storymodel4s/.worktrees/recall-timing-portable/codec/.jvm/target/scala-3.7.4/test-classes ...
[info] done compiling
Test run storymodel4s.codec.LocalEvidenceConsumerSuite started
==> X storymodel4s.codec.LocalEvidenceConsumerSuite.consumer cannot reuse evidence across absent versus empty recall content 0.055s munit.FailException: codec/src/test/scala/storymodel4s/codec/LocalEvidenceConsumerSuite.scala:88 Right(HsmmResult(units=2, steps=1, logLikelihood=-3.473917465573736, passes=0, view=6de3f4ba0fc7))
87:    val refused = GraphHsmm.infer(empty, fixture.view, saved, HsmmConfig.default)
88:    assert(refused.left.exists(_.message.contains("different recall")), refused.toString)
89:    assertNotEquals(saved.identity, evidence(recall = empty).identity)
    at munit.FunSuite.assert(FunSuite.scala:12)
    at storymodel4s.codec.LocalEvidenceConsumerSuite.$init$$$anonfun$5(LocalEvidenceConsumerSuite.scala:88)
==> X storymodel4s.codec.LocalEvidenceConsumerSuite.consumer cannot reuse evidence across absent versus empty source content 0.007s munit.FailException: codec/src/test/scala/storymodel4s/codec/LocalEvidenceConsumerSuite.scala:98 Right(HsmmResult(units=2, steps=1, logLikelihood=-3.473917465573736, passes=0, view=6de3f4ba0fc7))
97:    val refused = GraphHsmm.infer(fixture.recall, empty, saved, HsmmConfig.default)
98:    assert(refused.left.exists(_.message.contains("different source view")), refused.toString)
99:    assertNotEquals(saved.identity, evidence(view = empty).identity)
    at munit.FunSuite.assert(FunSuite.scala:12)
    at storymodel4s.codec.LocalEvidenceConsumerSuite.$init$$$anonfun$6(LocalEvidenceConsumerSuite.scala:98)
storymodel4s.codec.LocalEvidenceConsumerSuite: finished 0.208s
Test run storymodel4s.codec.LocalEvidenceConsumerSuite finished: 2 failed, 0 ignored, 5 total 0.218s
[error] Failed: Total 5, Failed 2, Errors 0, Passed 3
[error] Failed tests:
[error] 	storymodel4s.codec.LocalEvidenceConsumerSuite
[error] (codecJVM / Test / testOnly) sbt.TestsFailedException: Tests unsuccessful
[error] Total time: 18 s, completed Sep 22, 2026, 10:20:19 p.m.
