[info] welcome to sbt 1.12.14 (Homebrew Java 25.0.1)
[info] loading settings for project recall-timing-portable-build from plugins.sbt...
[info] loading project definition from /Users/bbuchsbaum/code/scala/storymodel4s/.worktrees/recall-timing-portable/project
[info] loading settings for project root from build.sbt...
[info] loading settings for project storymodel4s-timing-grakern-20260922-build from plugins.sbt...
[info] loading project definition from /private/tmp/storymodel4s-timing-grakern-20260922/project
[info] loading settings for project root from build.sbt...
[info] loading settings for project gale-build from plugins.sbt...
[info] loading project definition from /private/tmp/storymodel4s-timing-sbt-staging-20260922/c6b5fe94c20cf0d05b05/gale/project
[info] loading settings for project root from build.sbt...
[info] loading settings for project graph4s-build from plugins.sbt...
[info] loading project definition from /private/tmp/storymodel4s-timing-sbt-staging-20260922/8d03f2d14a9e2c9f6990/graph4s/project
[info] loading settings for project root from build.sbt...
[info] resolving key references (114172 settings) ...
[info] set current project to root (in build file:/Users/bbuchsbaum/code/scala/storymodel4s/.worktrees/recall-timing-portable/)
[info] compiling 1 Scala source to /Users/bbuchsbaum/code/scala/storymodel4s/.worktrees/recall-timing-portable/align/.jvm/target/scala-3.7.4/classes ...
[info] done compiling
[info] compiling 2 Scala sources to /Users/bbuchsbaum/code/scala/storymodel4s/.worktrees/recall-timing-portable/laws/.jvm/target/scala-3.7.4/classes ...
[info] done compiling
[info] compiling 4 Scala sources to /Users/bbuchsbaum/code/scala/storymodel4s/.worktrees/recall-timing-portable/codec/.jvm/target/scala-3.7.4/test-classes ...
[info] done compiling
Test run storymodel4s.codec.LocalEvidenceConsumerSuite started
storymodel4s.codec.LocalEvidenceConsumerSuite: finished 0.296s
Test run storymodel4s.codec.LocalEvidenceConsumerSuite finished: 0 failed, 0 ignored, 6 total 0.304s
[info] Passed: Total 6, Failed 0, Errors 0, Passed 6
[success] Total time: 12 s, completed Sep 22, 2026, 10:48:18 p.m.
