types defined by this candidate:
  AnalysisGrain
  Assessed
  Bound
  BundleEntry
  BundleRole
  Calibrated
  CalibratedEvent
  CalibratedProbability
  Calibration
  CalibrationArtifactId
  CandidateAnchorsWire
  CandidateCoverage
  CandidatePolicy
  CandidatePolicyId
  CandidateSetId
  ChosenDecisionCorrect
  Complete
  ContextPolicy
  Contradicted
  CostBreakdownWire
  Coverage
  CoverageUnknownReason
  Decision
  DecisionBasis
  DecisionCalibration
  DecisionCalibrationUnavailableReason
  DecisionOrigin
  DecisionPolicy
  DecisionPolicyId
  DecisionRequest
  DeclaredComposition
  DeclaredUniverse
  DecodedMass
  DecodedTargetMass
  DecompositionReason
  DecompositionStatus
  Derivation
  DerivationBinding
  DerivationContext
  DerivationSource
  Derived
  Destination
  Evaluated
  Event
  ExpectedMappingContext
  Fidelity
  FidelityNotAssessedReason
  FidelityStatus
  FlowStepWire
  FromResult
  Gate
  GateOutcome
  HistoricalDecode
  HistoricalMapping
  HsmmCodecError
  HsmmResultCodec
  ImputedWire
  InCandidateSupport
  InferencePolicy
  InventoryRender
  InventoryUnit
  LocalizationStatus
  Located
  Locus
  MappingBindingRender
  MappingBoundContext
  MappingChecks
  MappingCodecArtifacts
  MappingCodecDigestSuite
  MappingCodecError
  MappingCodecFixture
  MappingCodecProbeSuite
  MappingCodecSuite
  MappingCodecs
  MappingCompositionFixture
  MappingContractSuite
  MappingHistoricalSuite
  MappingJson
  MappingLink
  MappingMeasureChecks
  MappingMeasureFixture
  MappingMeasuresPackageAttackSuite
  MappingMeasuresSuite
  MappingMeasuresUnforgeableSuite
  MappingMetadataRead
  MappingMiniature
  MappingMiniatureDigestSuite
  MappingOutcomePackageAttackSuite
  MappingOutcomeRead
  MappingOutcomeSuite
  MappingOutcomeUnforgeableSuite
  MappingPolicies
  MappingPresenceSuite
  MappingRecordWire
  MappingRefusal
  MappingRender
  MappingResult
  MappingResultPackageAttackSuite
  MappingResultRender
  MappingResultSuite
  MappingResultUnforgeableSuite
  MappingSemantics
  MappingSourceRender
  MappingSourceWire
  MappingTarget
  MappingTolerance
  MappingVocabularyPackageAttackSuite
  MappingVocabularySuite
  MappingVocabularyUnforgeableSuite
  MeasureDerivation
  MeasureKind
  Media
  MemberEstimateWire
  MemberExclusionWire
  ModelPosterior
  MultipartConsumer
  NoContradictionDetected
  NoDecision
  NoDerivedValues
  NormalizedScoreMass
  NotApplicable
  NotAssessed
  NotComputed
  NotGated
  ObjectFrame
  OutsideCandidateSupport
  Packet
  Part
  PartOrder
  Partial
  ProcessingFailure
  ProcessingStatus
  ProviderIdentity
  ProviderStatus
  RawScores
  RecallInventory
  RecallInventoryPackageAttackSuite
  RecallInventorySuite
  RecallInventoryUnforgeableSuite
  RecallWord
  RecallWordId
  ReductionReceiptWire
  ReductionWire
  ReferencePrior
  ReferencePriorId
  Result
  RowWire
  ScoreDirection
  SegmentationId
  SherlockShapedSource
  SourceRepresentation
  SourceRepresentationPackageAttackSuite
  SourceRepresentationSnapshotSuite
  SourceRepresentationSuite
  SourceRepresentationUnforgeableSuite
  SourceSupportStatus
  Stage
  StageEntry
  StageEntryId
  StageLedger
  StageProvenance
  StageReceipt
  StateCostWire
  StateMassWire
  Supplied
  SupportAssessmentWire
  SupportCoverage
  SupportRelation
  SupportWire
  Target
  TargetGrain
  TargetUniverseId
  TermSupport
  TermSupportNotComputedReason
  TermSupportStatus
  TermWire
  TextSource
  TransitionMassWire
  TransportMass
  UnassignedWordReason
  Unavailable
  Unit
  UnitCostsWire
  UnitDecision
  UnitMeasures
  UnitOutcome
  UnitRoles
  UnitStageRefs
  Unknown
  UnknownProvenanceReason
  Unlocated
  UnlocatedReason
  Value
  WeightWire
  Weighted
  Wire
  Word
  WordIdPolicy
  WordMembership

modules that reference them (the gate must cover all of these):
  acquire
  align
  amr-interop
  codec
  core
  corpus
  corpus-intake
  document
  embed-bench
  embed-core
  embed-grakern
  embed-onnx
  features
  fixtures
  interview
  laws
  media
  pipeline
  proposition
  provider-agent
  provider-parser
  recall
  story
  view

gate command (JVM; paste it, do not retype the module names):
  sbt -batch "acquireJVM/test; alignJVM/test; amrInteropJVM/test; codecJVM/test; coreJVM/test; corpusJVM/test; corpusIntake/test; documentJVM/test; embedBench/test; embedCoreJVM/test; embedGrakern/test; embedOnnx/test; featuresJVM/test; fixturesJVM/test; interviewJVM/test; lawsJVM/test; media/test; pipeline/test; propositionJVM/test; providerAgent/test; providerParser/test; recallJVM/test; storyJVM/test; viewJVM/test"

  Run it in a CLONE, never a linked worktree. Capture the exit status. Run
  scalafmtCheckAll LAST, separately. Then grep the log for 'Passed: Total' --
  a red gate with no totals measured your infrastructure, not the candidate.
